This is pdfTeX, Version 3.141592653-2.6-1.40.25 (MiKTeX 23.4) (preloaded format=pdflatex 2023.9.6)  10 JUN 2026 22:39
entering extended mode
 restricted \write18 enabled.
 %&-line parsing enabled.
**./A0_2_A4.tex
(A0_2_A4.tex
LaTeX2e <2022-11-01> patch level 1
L3 programming layer <2023-03-30>
(C:\Users\Семья\AppData\Local\Programs\MiKTeX\tex/latex/base\article.cls
Document Class: article 2022/07/02 v1.4n Standard LaTeX document class
(C:\Users\Семья\AppData\Local\Programs\MiKTeX\tex/latex/base\size10.clo
File: size10.clo 2022/07/02 v1.4n Standard LaTeX file (size option)
)
\c@part=\count185
\c@section=\count186
\c@subsection=\count187
\c@subsubsection=\count188
\c@paragraph=\count189
\c@subparagraph=\count190
\c@figure=\count191
\c@table=\count192
\abovecaptionskip=\skip48
\belowcaptionskip=\skip49
\bibindent=\dimen140
)
(C:\Users\Семья\AppData\Local\Programs\MiKTeX\tex/latex/pdfpages\pdfpages.
sty
Package: pdfpages 2026/03/30 v0.6h Insert pages of external PDF documents (AM)

(C:\Users\Семья\AppData\Local\Programs\MiKTeX\tex/latex/base\ifthen.sty
Package: ifthen 2022/04/13 v1.1d Standard LaTeX ifthen package (DPC)
)
(C:\Users\Семья\AppData\Local\Programs\MiKTeX\tex/latex/tools\calc.sty
Package: calc 2017/05/25 v4.3 Infix arithmetic (KKT,FJ)
\calc@Acount=\count193
\calc@Bcount=\count194
\calc@Adimen=\dimen141
\calc@Bdimen=\dimen142
\calc@Askip=\skip50
\calc@Bskip=\skip51
LaTeX Info: Redefining \setlength on input line 80.
LaTeX Info: Redefining \addtolength on input line 81.
\calc@Ccount=\count195
\calc@Cskip=\skip52
)
(C:\Users\Семья\AppData\Local\Programs\MiKTeX\tex/latex/eso-pic\eso-pic.st
y
Package: eso-pic 2026/05/31 v3.0e eso-pic (RN)
\ESO@tempdima=\dimen143
\ESO@tempdimb=\dimen144

(C:\Users\Семья\AppData\Local\Programs\MiKTeX\tex/latex/graphics\keyval.st
y
Package: keyval 2022/05/29 v1.15 key=value parser (DPC)
\KV@toks@=\toks16
)
(C:\Users\Семья\AppData\Local\Programs\MiKTeX\tex/latex/xcolor\xcolor.sty
Package: xcolor 2022/06/12 v2.14 LaTeX color extensions (UK)

(C:\Users\Семья\AppData\Local\Programs\MiKTeX\tex/latex/graphics-cfg\color
.cfg
File: color.cfg 2016/01/02 v1.6 sample color configuration
)
Package xcolor Info: Driver file: pdftex.def on input line 227.

(C:\Users\Семья\AppData\Local\Programs\MiKTeX\tex/latex/graphics-def\pdfte
x.def
File: pdftex.def 2022/09/22 v1.2b Graphics/color driver for pdftex
)
(C:\Users\Семья\AppData\Local\Programs\MiKTeX\tex/latex/graphics\mathcolor
.ltx)
Package xcolor Info: Model `cmy' substituted by `cmy0' on input line 1353.
Package xcolor Info: Model `hsb' substituted by `rgb' on input line 1357.
Package xcolor Info: Model `RGB' extended on input line 1369.
Package xcolor Info: Model `HTML' substituted by `rgb' on input line 1371.
Package xcolor Info: Model `Hsb' substituted by `hsb' on input line 1372.
Package xcolor Info: Model `tHsb' substituted by `hsb' on input line 1373.
Package xcolor Info: Model `HSB' substituted by `hsb' on input line 1374.
Package xcolor Info: Model `Gray' substituted by `gray' on input line 1375.
Package xcolor Info: Model `wave' substituted by `hsb' on input line 1376.
))
(C:\Users\Семья\AppData\Local\Programs\MiKTeX\tex/latex/etoolbox\etoolbox.
sty
Package: etoolbox 2020/10/05 v2.5k e-TeX tools for LaTeX (JAW)
\etb@tempcnta=\count196
)
(C:\Users\Семья\AppData\Local\Programs\MiKTeX\tex/latex/graphics\graphicx.
sty
Package: graphicx 2021/09/16 v1.2d Enhanced LaTeX Graphics (DPC,SPQR)

(C:\Users\Семья\AppData\Local\Programs\MiKTeX\tex/latex/graphics\graphics.
sty
Package: graphics 2022/03/10 v1.4e Standard LaTeX Graphics (DPC,SPQR)

(C:\Users\Семья\AppData\Local\Programs\MiKTeX\tex/latex/graphics\trig.sty
Package: trig 2021/08/11 v1.11 sin cos tan (DPC)
)
(C:\Users\Семья\AppData\Local\Programs\MiKTeX\tex/latex/graphics-cfg\graph
ics.cfg
File: graphics.cfg 2016/06/04 v1.11 sample graphics configuration
)
Package graphics Info: Driver file: pdftex.def on input line 107.
)
\Gin@req@height=\dimen145
\Gin@req@width=\dimen146
)
\AM@pagewidth=\dimen147
\AM@pageheight=\dimen148
\AM@fboxrule=\dimen149

(C:\Users\Семья\AppData\Local\Programs\MiKTeX\tex/latex/pdfpages\pppdftex.
def
File: pppdftex.def 2026/03/30 v0.6h Pdfpages driver for pdfTeX (AM)
)
\pdfpages@includegraphics@status=\count197
\AM@pagebox=\box51
\AM@global@opts=\toks17
\AM@pagecnt=\count198
\AM@toc@title=\toks18
\AM@lof@heading=\toks19
\c@AM@survey=\count199
\AM@templatesizebox=\box52
)
(C:\Users\Семья\AppData\Local\Programs\MiKTeX\tex/latex/l3backend\l3backen
d-pdftex.def
File: l3backend-pdftex.def 2023-03-30 L3 backend support: PDF output (pdfTeX)
\l__color_backend_stack_int=\count266
\l__pdf_internal_box=\box53
) (A0_2_A4.aux)
\openout1 = `A0_2_A4.aux'.

LaTeX Font Info:    Checking defaults for OML/cmm/m/it on input line 3.
LaTeX Font Info:    ... okay on input line 3.
LaTeX Font Info:    Checking defaults for OMS/cmsy/m/n on input line 3.
LaTeX Font Info:    ... okay on input line 3.
LaTeX Font Info:    Checking defaults for OT1/cmr/m/n on input line 3.
LaTeX Font Info:    ... okay on input line 3.
LaTeX Font Info:    Checking defaults for T1/cmr/m/n on input line 3.
LaTeX Font Info:    ... okay on input line 3.
LaTeX Font Info:    Checking defaults for TS1/cmr/m/n on input line 3.
LaTeX Font Info:    ... okay on input line 3.
LaTeX Font Info:    Checking defaults for OMX/cmex/m/n on input line 3.
LaTeX Font Info:    ... okay on input line 3.
LaTeX Font Info:    Checking defaults for U/cmr/m/n on input line 3.
LaTeX Font Info:    ... okay on input line 3.

(C:\Users\Семья\AppData\Local\Programs\MiKTeX\tex/context/base/mkii\supp-p
df.mkii
[Loading MPS to PDF converter (version 2006.09.02).]
\scratchcounter=\count267
\scratchdimen=\dimen150
\scratchbox=\box54
\nofMPsegments=\count268
\nofMParguments=\count269
\everyMPshowfont=\toks20
\MPscratchCnt=\count270
\MPscratchDim=\dimen151
\MPnumerator=\count271
\makeMPintoPDFobject=\count272
\everyMPtoPDFconversion=\toks21
)
(C:\Users\Семья\AppData\Local\Programs\MiKTeX\tex/latex/epstopdf-pkg\epsto
pdf-base.sty
Package: epstopdf-base 2020-01-24 v2.11 Base part for package epstopdf
Package epstopdf-base Info: Redefining graphics rule for `.eps' on input line 4
85.

(C:\Users\Семья\AppData\Local\Programs\MiKTeX\tex/latex/00miktex\epstopdf-
sys.cfg
File: epstopdf-sys.cfg 2021/03/18 v2.0 Configuration of epstopdf for MiKTeX
))
(C:\Users\Семья\AppData\Local\Programs\MiKTeX\tex/latex/pdflscape\pdflscap
e.sty
Package: pdflscape 2022-10-27 v0.13 Display of landscape pages in PDF

(C:\Users\Семья\AppData\Local\Programs\MiKTeX\tex/latex/pdflscape\pdflscap
e-nometadata.sty
Package: pdflscape-nometadata 2022-10-28 v0.13 Display of landscape pages in PD
F (HO)

(C:\Users\Семья\AppData\Local\Programs\MiKTeX\tex/generic/iftex\iftex.sty
Package: iftex 2022/02/03 v1.0f TeX engine tests
)
(C:\Users\Семья\AppData\Local\Programs\MiKTeX\tex/latex/graphics\lscape.st
y
Package: lscape 2020/05/28 v3.02 Landscape Pages (DPC)
)
Package pdflscape Info: Auto-detected driver: pdftex on input line 81.
))
<AlexeyOsipovPoster.pdf, id=1, 2475.39012pt x 3385.87764pt>
File: AlexeyOsipovPoster.pdf Graphic file (type pdf)
<use AlexeyOsipovPoster.pdf>
Package pdftex.def Info: AlexeyOsipovPoster.pdf  used on input line 5.
(pdftex.def)             Requested size: 2475.38411pt x 3385.86942pt.
<AlexeyOsipovPoster.pdf, id=3, page=1, 2475.39012pt x 3385.87764pt>
File: AlexeyOsipovPoster.pdf Graphic file (type pdf)
<use AlexeyOsipovPoster.pdf, page 1>
Package pdftex.def Info: AlexeyOsipovPoster.pdf , page1 used on input line 5.
(pdftex.def)             Requested size: 598.23499pt x 845.1575pt.
File: AlexeyOsipovPoster.pdf Graphic file (type pdf)
<use AlexeyOsipovPoster.pdf, page 1>
Package pdftex.def Info: AlexeyOsipovPoster.pdf , page1 used on input line 5.
(pdftex.def)             Requested size: 597.74205pt x 844.4611pt.
File: AlexeyOsipovPoster.pdf Graphic file (type pdf)
<use AlexeyOsipovPoster.pdf, page 1>
Package pdftex.def Info: AlexeyOsipovPoster.pdf , page1 used on input line 5.
(pdftex.def)             Requested size: 597.74205pt x 844.4611pt.
File: AlexeyOsipovPoster.pdf Graphic file (type pdf)
<use AlexeyOsipovPoster.pdf, page 1>
Package pdftex.def Info: AlexeyOsipovPoster.pdf , page1 used on input line 5.
(pdftex.def)             Requested size: 597.74205pt x 844.4611pt.
File: AlexeyOsipovPoster.pdf Graphic file (type pdf)
<use AlexeyOsipovPoster.pdf, page 1>
Package pdftex.def Info: AlexeyOsipovPoster.pdf , page1 used on input line 5.
(pdftex.def)             Requested size: 597.74205pt x 844.4611pt.
 [1


 <./AlexeyOsipovPoster.pdf>]
File: AlexeyOsipovPoster.pdf Graphic file (type pdf)
<use AlexeyOsipovPoster.pdf>
Package pdftex.def Info: AlexeyOsipovPoster.pdf  used on input line 6.
(pdftex.def)             Requested size: 2475.38411pt x 3385.86942pt.
File: AlexeyOsipovPoster.pdf Graphic file (type pdf)
<use AlexeyOsipovPoster.pdf, page 1>
Package pdftex.def Info: AlexeyOsipovPoster.pdf , page1 used on input line 6.
(pdftex.def)             Requested size: 599.23874pt x 845.1575pt.
File: AlexeyOsipovPoster.pdf Graphic file (type pdf)
<use AlexeyOsipovPoster.pdf, page 1>
Package pdftex.def Info: AlexeyOsipovPoster.pdf , page1 used on input line 6.
(pdftex.def)             Requested size: 597.73917pt x 843.04254pt.
File: AlexeyOsipovPoster.pdf Graphic file (type pdf)
<use AlexeyOsipovPoster.pdf, page 1>
Package pdftex.def Info: AlexeyOsipovPoster.pdf , page1 used on input line 6.
(pdftex.def)             Requested size: 597.73917pt x 843.04254pt.
File: AlexeyOsipovPoster.pdf Graphic file (type pdf)
<use AlexeyOsipovPoster.pdf, page 1>
Package pdftex.def Info: AlexeyOsipovPoster.pdf , page1 used on input line 6.
(pdftex.def)             Requested size: 597.73917pt x 843.04254pt.
File: AlexeyOsipovPoster.pdf Graphic file (type pdf)
<use AlexeyOsipovPoster.pdf, page 1>
Package pdftex.def Info: AlexeyOsipovPoster.pdf , page1 used on input line 6.
(pdftex.def)             Requested size: 597.73917pt x 843.04254pt.
 [2

]
File: AlexeyOsipovPoster.pdf Graphic file (type pdf)
<use AlexeyOsipovPoster.pdf>
Package pdftex.def Info: AlexeyOsipovPoster.pdf  used on input line 7.
(pdftex.def)             Requested size: 2475.38411pt x 3385.86942pt.
File: AlexeyOsipovPoster.pdf Graphic file (type pdf)
<use AlexeyOsipovPoster.pdf, page 1>
Package pdftex.def Info: AlexeyOsipovPoster.pdf , page1 used on input line 7.
(pdftex.def)             Requested size: 600.2425pt x 845.1575pt.
File: AlexeyOsipovPoster.pdf Graphic file (type pdf)
<use AlexeyOsipovPoster.pdf, page 1>
Package pdftex.def Info: AlexeyOsipovPoster.pdf , page1 used on input line 7.
(pdftex.def)             Requested size: 597.74208pt x 841.63687pt.
File: AlexeyOsipovPoster.pdf Graphic file (type pdf)
<use AlexeyOsipovPoster.pdf, page 1>
Package pdftex.def Info: AlexeyOsipovPoster.pdf , page1 used on input line 7.
(pdftex.def)             Requested size: 597.74208pt x 841.63687pt.
File: AlexeyOsipovPoster.pdf Graphic file (type pdf)
<use AlexeyOsipovPoster.pdf, page 1>
Package pdftex.def Info: AlexeyOsipovPoster.pdf , page1 used on input line 7.
(pdftex.def)             Requested size: 597.74208pt x 841.63687pt.
File: AlexeyOsipovPoster.pdf Graphic file (type pdf)
<use AlexeyOsipovPoster.pdf, page 1>
Package pdftex.def Info: AlexeyOsipovPoster.pdf , page1 used on input line 7.
(pdftex.def)             Requested size: 597.74208pt x 841.63687pt.
 [3

]
File: AlexeyOsipovPoster.pdf Graphic file (type pdf)
<use AlexeyOsipovPoster.pdf>
Package pdftex.def Info: AlexeyOsipovPoster.pdf  used on input line 8.
(pdftex.def)             Requested size: 2475.38411pt x 3385.86942pt.
File: AlexeyOsipovPoster.pdf Graphic file (type pdf)
<use AlexeyOsipovPoster.pdf, page 1>
Package pdftex.def Info: AlexeyOsipovPoster.pdf , page1 used on input line 8.
(pdftex.def)             Requested size: 601.24625pt x 845.1575pt.
File: AlexeyOsipovPoster.pdf Graphic file (type pdf)
<use AlexeyOsipovPoster.pdf, page 1>
Package pdftex.def Info: AlexeyOsipovPoster.pdf , page1 used on input line 8.
(pdftex.def)             Requested size: 597.75084pt x 840.24408pt.
File: AlexeyOsipovPoster.pdf Graphic file (type pdf)
<use AlexeyOsipovPoster.pdf, page 1>
Package pdftex.def Info: AlexeyOsipovPoster.pdf , page1 used on input line 8.
(pdftex.def)             Requested size: 597.75084pt x 840.24408pt.
File: AlexeyOsipovPoster.pdf Graphic file (type pdf)
<use AlexeyOsipovPoster.pdf, page 1>
Package pdftex.def Info: AlexeyOsipovPoster.pdf , page1 used on input line 8.
(pdftex.def)             Requested size: 597.75084pt x 840.24408pt.
File: AlexeyOsipovPoster.pdf Graphic file (type pdf)
<use AlexeyOsipovPoster.pdf, page 1>
Package pdftex.def Info: AlexeyOsipovPoster.pdf , page1 used on input line 8.
(pdftex.def)             Requested size: 597.75084pt x 840.24408pt.
 [4

]
File: AlexeyOsipovPoster.pdf Graphic file (type pdf)
<use AlexeyOsipovPoster.pdf>
Package pdftex.def Info: AlexeyOsipovPoster.pdf  used on input line 10.
(pdftex.def)             Requested size: 2475.38411pt x 3385.86942pt.
File: AlexeyOsipovPoster.pdf Graphic file (type pdf)
<use AlexeyOsipovPoster.pdf, page 1>
Package pdftex.def Info: AlexeyOsipovPoster.pdf , page1 used on input line 10.
(pdftex.def)             Requested size: 598.23499pt x 845.1575pt.
File: AlexeyOsipovPoster.pdf Graphic file (type pdf)
<use AlexeyOsipovPoster.pdf, page 1>
Package pdftex.def Info: AlexeyOsipovPoster.pdf , page1 used on input line 10.
(pdftex.def)             Requested size: 597.74205pt x 844.4611pt.
File: AlexeyOsipovPoster.pdf Graphic file (type pdf)
<use AlexeyOsipovPoster.pdf, page 1>
Package pdftex.def Info: AlexeyOsipovPoster.pdf , page1 used on input line 10.
(pdftex.def)             Requested size: 597.74205pt x 844.4611pt.
File: AlexeyOsipovPoster.pdf Graphic file (type pdf)
<use AlexeyOsipovPoster.pdf, page 1>
Package pdftex.def Info: AlexeyOsipovPoster.pdf , page1 used on input line 10.
(pdftex.def)             Requested size: 597.74205pt x 844.4611pt.
File: AlexeyOsipovPoster.pdf Graphic file (type pdf)
<use AlexeyOsipovPoster.pdf, page 1>
Package pdftex.def Info: AlexeyOsipovPoster.pdf , page1 used on input line 10.
(pdftex.def)             Requested size: 597.74205pt x 844.4611pt.
 [5

]
File: AlexeyOsipovPoster.pdf Graphic file (type pdf)
<use AlexeyOsipovPoster.pdf>
Package pdftex.def Info: AlexeyOsipovPoster.pdf  used on input line 11.
(pdftex.def)             Requested size: 2475.38411pt x 3385.86942pt.
File: AlexeyOsipovPoster.pdf Graphic file (type pdf)
<use AlexeyOsipovPoster.pdf, page 1>
Package pdftex.def Info: AlexeyOsipovPoster.pdf , page1 used on input line 11.
(pdftex.def)             Requested size: 599.23874pt x 845.1575pt.
File: AlexeyOsipovPoster.pdf Graphic file (type pdf)
<use AlexeyOsipovPoster.pdf, page 1>
Package pdftex.def Info: AlexeyOsipovPoster.pdf , page1 used on input line 11.
(pdftex.def)             Requested size: 597.73917pt x 843.04254pt.
File: AlexeyOsipovPoster.pdf Graphic file (type pdf)
<use AlexeyOsipovPoster.pdf, page 1>
Package pdftex.def Info: AlexeyOsipovPoster.pdf , page1 used on input line 11.
(pdftex.def)             Requested size: 597.73917pt x 843.04254pt.
File: AlexeyOsipovPoster.pdf Graphic file (type pdf)
<use AlexeyOsipovPoster.pdf, page 1>
Package pdftex.def Info: AlexeyOsipovPoster.pdf , page1 used on input line 11.
(pdftex.def)             Requested size: 597.73917pt x 843.04254pt.
File: AlexeyOsipovPoster.pdf Graphic file (type pdf)
<use AlexeyOsipovPoster.pdf, page 1>
Package pdftex.def Info: AlexeyOsipovPoster.pdf , page1 used on input line 11.
(pdftex.def)             Requested size: 597.73917pt x 843.04254pt.
 [6

]
File: AlexeyOsipovPoster.pdf Graphic file (type pdf)
<use AlexeyOsipovPoster.pdf>
Package pdftex.def Info: AlexeyOsipovPoster.pdf  used on input line 12.
(pdftex.def)             Requested size: 2475.38411pt x 3385.86942pt.
File: AlexeyOsipovPoster.pdf Graphic file (type pdf)
<use AlexeyOsipovPoster.pdf, page 1>
Package pdftex.def Info: AlexeyOsipovPoster.pdf , page1 used on input line 12.
(pdftex.def)             Requested size: 600.2425pt x 845.1575pt.
File: AlexeyOsipovPoster.pdf Graphic file (type pdf)
<use AlexeyOsipovPoster.pdf, page 1>
Package pdftex.def Info: AlexeyOsipovPoster.pdf , page1 used on input line 12.
(pdftex.def)             Requested size: 597.74208pt x 841.63687pt.
File: AlexeyOsipovPoster.pdf Graphic file (type pdf)
<use AlexeyOsipovPoster.pdf, page 1>
Package pdftex.def Info: AlexeyOsipovPoster.pdf , page1 used on input line 12.
(pdftex.def)             Requested size: 597.74208pt x 841.63687pt.
File: AlexeyOsipovPoster.pdf Graphic file (type pdf)
<use AlexeyOsipovPoster.pdf, page 1>
Package pdftex.def Info: AlexeyOsipovPoster.pdf , page1 used on input line 12.
(pdftex.def)             Requested size: 597.74208pt x 841.63687pt.
File: AlexeyOsipovPoster.pdf Graphic file (type pdf)
<use AlexeyOsipovPoster.pdf, page 1>
Package pdftex.def Info: AlexeyOsipovPoster.pdf , page1 used on input line 12.
(pdftex.def)             Requested size: 597.74208pt x 841.63687pt.
 [7

]
File: AlexeyOsipovPoster.pdf Graphic file (type pdf)
<use AlexeyOsipovPoster.pdf>
Package pdftex.def Info: AlexeyOsipovPoster.pdf  used on input line 13.
(pdftex.def)             Requested size: 2475.38411pt x 3385.86942pt.
File: AlexeyOsipovPoster.pdf Graphic file (type pdf)
<use AlexeyOsipovPoster.pdf, page 1>
Package pdftex.def Info: AlexeyOsipovPoster.pdf , page1 used on input line 13.
(pdftex.def)             Requested size: 601.24625pt x 845.1575pt.
File: AlexeyOsipovPoster.pdf Graphic file (type pdf)
<use AlexeyOsipovPoster.pdf, page 1>
Package pdftex.def Info: AlexeyOsipovPoster.pdf , page1 used on input line 13.
(pdftex.def)             Requested size: 597.75084pt x 840.24408pt.
File: AlexeyOsipovPoster.pdf Graphic file (type pdf)
<use AlexeyOsipovPoster.pdf, page 1>
Package pdftex.def Info: AlexeyOsipovPoster.pdf , page1 used on input line 13.
(pdftex.def)             Requested size: 597.75084pt x 840.24408pt.
File: AlexeyOsipovPoster.pdf Graphic file (type pdf)
<use AlexeyOsipovPoster.pdf, page 1>
Package pdftex.def Info: AlexeyOsipovPoster.pdf , page1 used on input line 13.
(pdftex.def)             Requested size: 597.75084pt x 840.24408pt.
File: AlexeyOsipovPoster.pdf Graphic file (type pdf)
<use AlexeyOsipovPoster.pdf, page 1>
Package pdftex.def Info: AlexeyOsipovPoster.pdf , page1 used on input line 13.
(pdftex.def)             Requested size: 597.75084pt x 840.24408pt.
 [8

]
File: AlexeyOsipovPoster.pdf Graphic file (type pdf)
<use AlexeyOsipovPoster.pdf>
Package pdftex.def Info: AlexeyOsipovPoster.pdf  used on input line 15.
(pdftex.def)             Requested size: 2475.38411pt x 3385.86942pt.
File: AlexeyOsipovPoster.pdf Graphic file (type pdf)
<use AlexeyOsipovPoster.pdf, page 1>
Package pdftex.def Info: AlexeyOsipovPoster.pdf , page1 used on input line 15.
(pdftex.def)             Requested size: 598.23499pt x 845.1575pt.
File: AlexeyOsipovPoster.pdf Graphic file (type pdf)
<use AlexeyOsipovPoster.pdf, page 1>
Package pdftex.def Info: AlexeyOsipovPoster.pdf , page1 used on input line 15.
(pdftex.def)             Requested size: 597.74205pt x 844.4611pt.
File: AlexeyOsipovPoster.pdf Graphic file (type pdf)
<use AlexeyOsipovPoster.pdf, page 1>
Package pdftex.def Info: AlexeyOsipovPoster.pdf , page1 used on input line 15.
(pdftex.def)             Requested size: 597.74205pt x 844.4611pt.
File: AlexeyOsipovPoster.pdf Graphic file (type pdf)
<use AlexeyOsipovPoster.pdf, page 1>
Package pdftex.def Info: AlexeyOsipovPoster.pdf , page1 used on input line 15.
(pdftex.def)             Requested size: 597.74205pt x 844.4611pt.
File: AlexeyOsipovPoster.pdf Graphic file (type pdf)
<use AlexeyOsipovPoster.pdf, page 1>
Package pdftex.def Info: AlexeyOsipovPoster.pdf , page1 used on input line 15.
(pdftex.def)             Requested size: 597.74205pt x 844.4611pt.
 [9

]
File: AlexeyOsipovPoster.pdf Graphic file (type pdf)
<use AlexeyOsipovPoster.pdf>
Package pdftex.def Info: AlexeyOsipovPoster.pdf  used on input line 16.
(pdftex.def)             Requested size: 2475.38411pt x 3385.86942pt.
File: AlexeyOsipovPoster.pdf Graphic file (type pdf)
<use AlexeyOsipovPoster.pdf, page 1>
Package pdftex.def Info: AlexeyOsipovPoster.pdf , page1 used on input line 16.
(pdftex.def)             Requested size: 599.23874pt x 845.1575pt.
File: AlexeyOsipovPoster.pdf Graphic file (type pdf)
<use AlexeyOsipovPoster.pdf, page 1>
Package pdftex.def Info: AlexeyOsipovPoster.pdf , page1 used on input line 16.
(pdftex.def)             Requested size: 597.73917pt x 843.04254pt.
File: AlexeyOsipovPoster.pdf Graphic file (type pdf)
<use AlexeyOsipovPoster.pdf, page 1>
Package pdftex.def Info: AlexeyOsipovPoster.pdf , page1 used on input line 16.
(pdftex.def)             Requested size: 597.73917pt x 843.04254pt.
File: AlexeyOsipovPoster.pdf Graphic file (type pdf)
<use AlexeyOsipovPoster.pdf, page 1>
Package pdftex.def Info: AlexeyOsipovPoster.pdf , page1 used on input line 16.
(pdftex.def)             Requested size: 597.73917pt x 843.04254pt.
File: AlexeyOsipovPoster.pdf Graphic file (type pdf)
<use AlexeyOsipovPoster.pdf, page 1>
Package pdftex.def Info: AlexeyOsipovPoster.pdf , page1 used on input line 16.
(pdftex.def)             Requested size: 597.73917pt x 843.04254pt.
 [10

]
File: AlexeyOsipovPoster.pdf Graphic file (type pdf)
<use AlexeyOsipovPoster.pdf>
Package pdftex.def Info: AlexeyOsipovPoster.pdf  used on input line 17.
(pdftex.def)             Requested size: 2475.38411pt x 3385.86942pt.
File: AlexeyOsipovPoster.pdf Graphic file (type pdf)
<use AlexeyOsipovPoster.pdf, page 1>
Package pdftex.def Info: AlexeyOsipovPoster.pdf , page1 used on input line 17.
(pdftex.def)             Requested size: 600.2425pt x 845.1575pt.
File: AlexeyOsipovPoster.pdf Graphic file (type pdf)
<use AlexeyOsipovPoster.pdf, page 1>
Package pdftex.def Info: AlexeyOsipovPoster.pdf , page1 used on input line 17.
(pdftex.def)             Requested size: 597.74208pt x 841.63687pt.
File: AlexeyOsipovPoster.pdf Graphic file (type pdf)
<use AlexeyOsipovPoster.pdf, page 1>
Package pdftex.def Info: AlexeyOsipovPoster.pdf , page1 used on input line 17.
(pdftex.def)             Requested size: 597.74208pt x 841.63687pt.
File: AlexeyOsipovPoster.pdf Graphic file (type pdf)
<use AlexeyOsipovPoster.pdf, page 1>
Package pdftex.def Info: AlexeyOsipovPoster.pdf , page1 used on input line 17.
(pdftex.def)             Requested size: 597.74208pt x 841.63687pt.
File: AlexeyOsipovPoster.pdf Graphic file (type pdf)
<use AlexeyOsipovPoster.pdf, page 1>
Package pdftex.def Info: AlexeyOsipovPoster.pdf , page1 used on input line 17.
(pdftex.def)             Requested size: 597.74208pt x 841.63687pt.

[11

]
File: AlexeyOsipovPoster.pdf Graphic file (type pdf)
<use AlexeyOsipovPoster.pdf>
Package pdftex.def Info: AlexeyOsipovPoster.pdf  used on input line 18.
(pdftex.def)             Requested size: 2475.38411pt x 3385.86942pt.
File: AlexeyOsipovPoster.pdf Graphic file (type pdf)
<use AlexeyOsipovPoster.pdf, page 1>
Package pdftex.def Info: AlexeyOsipovPoster.pdf , page1 used on input line 18.
(pdftex.def)             Requested size: 601.24625pt x 845.1575pt.
File: AlexeyOsipovPoster.pdf Graphic file (type pdf)
<use AlexeyOsipovPoster.pdf, page 1>
Package pdftex.def Info: AlexeyOsipovPoster.pdf , page1 used on input line 18.
(pdftex.def)             Requested size: 597.75084pt x 840.24408pt.
File: AlexeyOsipovPoster.pdf Graphic file (type pdf)
<use AlexeyOsipovPoster.pdf, page 1>
Package pdftex.def Info: AlexeyOsipovPoster.pdf , page1 used on input line 18.
(pdftex.def)             Requested size: 597.75084pt x 840.24408pt.
File: AlexeyOsipovPoster.pdf Graphic file (type pdf)
<use AlexeyOsipovPoster.pdf, page 1>
Package pdftex.def Info: AlexeyOsipovPoster.pdf , page1 used on input line 18.
(pdftex.def)             Requested size: 597.75084pt x 840.24408pt.
File: AlexeyOsipovPoster.pdf Graphic file (type pdf)
<use AlexeyOsipovPoster.pdf, page 1>
Package pdftex.def Info: AlexeyOsipovPoster.pdf , page1 used on input line 18.
(pdftex.def)             Requested size: 597.75084pt x 840.24408pt.
 [12

]
File: AlexeyOsipovPoster.pdf Graphic file (type pdf)
<use AlexeyOsipovPoster.pdf>
Package pdftex.def Info: AlexeyOsipovPoster.pdf  used on input line 20.
(pdftex.def)             Requested size: 2475.38411pt x 3385.86942pt.
File: AlexeyOsipovPoster.pdf Graphic file (type pdf)
<use AlexeyOsipovPoster.pdf, page 1>
Package pdftex.def Info: AlexeyOsipovPoster.pdf , page1 used on input line 20.
(pdftex.def)             Requested size: 598.23499pt x 845.15749pt.
File: AlexeyOsipovPoster.pdf Graphic file (type pdf)
<use AlexeyOsipovPoster.pdf, page 1>
Package pdftex.def Info: AlexeyOsipovPoster.pdf , page1 used on input line 20.
(pdftex.def)             Requested size: 597.74205pt x 844.46109pt.
File: AlexeyOsipovPoster.pdf Graphic file (type pdf)
<use AlexeyOsipovPoster.pdf, page 1>
Package pdftex.def Info: AlexeyOsipovPoster.pdf , page1 used on input line 20.
(pdftex.def)             Requested size: 597.74205pt x 844.46109pt.
File: AlexeyOsipovPoster.pdf Graphic file (type pdf)
<use AlexeyOsipovPoster.pdf, page 1>
Package pdftex.def Info: AlexeyOsipovPoster.pdf , page1 used on input line 20.
(pdftex.def)             Requested size: 597.74205pt x 844.46109pt.
File: AlexeyOsipovPoster.pdf Graphic file (type pdf)
<use AlexeyOsipovPoster.pdf, page 1>
Package pdftex.def Info: AlexeyOsipovPoster.pdf , page1 used on input line 20.
(pdftex.def)             Requested size: 597.74205pt x 844.46109pt.
 [13

]
File: AlexeyOsipovPoster.pdf Graphic file (type pdf)
<use AlexeyOsipovPoster.pdf>
Package pdftex.def Info: AlexeyOsipovPoster.pdf  used on input line 21.
(pdftex.def)             Requested size: 2475.38411pt x 3385.86942pt.
File: AlexeyOsipovPoster.pdf Graphic file (type pdf)
<use AlexeyOsipovPoster.pdf, page 1>
Package pdftex.def Info: AlexeyOsipovPoster.pdf , page1 used on input line 21.
(pdftex.def)             Requested size: 599.23874pt x 845.15749pt.
File: AlexeyOsipovPoster.pdf Graphic file (type pdf)
<use AlexeyOsipovPoster.pdf, page 1>
Package pdftex.def Info: AlexeyOsipovPoster.pdf , page1 used on input line 21.
(pdftex.def)             Requested size: 597.73917pt x 843.04253pt.
File: AlexeyOsipovPoster.pdf Graphic file (type pdf)
<use AlexeyOsipovPoster.pdf, page 1>
Package pdftex.def Info: AlexeyOsipovPoster.pdf , page1 used on input line 21.
(pdftex.def)             Requested size: 597.73917pt x 843.04253pt.
File: AlexeyOsipovPoster.pdf Graphic file (type pdf)
<use AlexeyOsipovPoster.pdf, page 1>
Package pdftex.def Info: AlexeyOsipovPoster.pdf , page1 used on input line 21.
(pdftex.def)             Requested size: 597.73917pt x 843.04253pt.
File: AlexeyOsipovPoster.pdf Graphic file (type pdf)
<use AlexeyOsipovPoster.pdf, page 1>
Package pdftex.def Info: AlexeyOsipovPoster.pdf , page1 used on input line 21.
(pdftex.def)             Requested size: 597.73917pt x 843.04253pt.
 [14

]
File: AlexeyOsipovPoster.pdf Graphic file (type pdf)
<use AlexeyOsipovPoster.pdf>
Package pdftex.def Info: AlexeyOsipovPoster.pdf  used on input line 22.
(pdftex.def)             Requested size: 2475.38411pt x 3385.86942pt.
File: AlexeyOsipovPoster.pdf Graphic file (type pdf)
<use AlexeyOsipovPoster.pdf, page 1>
Package pdftex.def Info: AlexeyOsipovPoster.pdf , page1 used on input line 22.
(pdftex.def)             Requested size: 600.2425pt x 845.15749pt.
File: AlexeyOsipovPoster.pdf Graphic file (type pdf)
<use AlexeyOsipovPoster.pdf, page 1>
Package pdftex.def Info: AlexeyOsipovPoster.pdf , page1 used on input line 22.
(pdftex.def)             Requested size: 597.74208pt x 841.63686pt.
File: AlexeyOsipovPoster.pdf Graphic file (type pdf)
<use AlexeyOsipovPoster.pdf, page 1>
Package pdftex.def Info: AlexeyOsipovPoster.pdf , page1 used on input line 22.
(pdftex.def)             Requested size: 597.74208pt x 841.63686pt.
File: AlexeyOsipovPoster.pdf Graphic file (type pdf)
<use AlexeyOsipovPoster.pdf, page 1>
Package pdftex.def Info: AlexeyOsipovPoster.pdf , page1 used on input line 22.
(pdftex.def)             Requested size: 597.74208pt x 841.63686pt.
File: AlexeyOsipovPoster.pdf Graphic file (type pdf)
<use AlexeyOsipovPoster.pdf, page 1>
Package pdftex.def Info: AlexeyOsipovPoster.pdf , page1 used on input line 22.
(pdftex.def)             Requested size: 597.74208pt x 841.63686pt.
 [15

]
File: AlexeyOsipovPoster.pdf Graphic file (type pdf)
<use AlexeyOsipovPoster.pdf>
Package pdftex.def Info: AlexeyOsipovPoster.pdf  used on input line 23.
(pdftex.def)             Requested size: 2475.38411pt x 3385.86942pt.
File: AlexeyOsipovPoster.pdf Graphic file (type pdf)
<use AlexeyOsipovPoster.pdf, page 1>
Package pdftex.def Info: AlexeyOsipovPoster.pdf , page1 used on input line 23.
(pdftex.def)             Requested size: 601.24625pt x 845.15749pt.
File: AlexeyOsipovPoster.pdf Graphic file (type pdf)
<use AlexeyOsipovPoster.pdf, page 1>
Package pdftex.def Info: AlexeyOsipovPoster.pdf , page1 used on input line 23.
(pdftex.def)             Requested size: 597.75084pt x 840.24406pt.
File: AlexeyOsipovPoster.pdf Graphic file (type pdf)
<use AlexeyOsipovPoster.pdf, page 1>
Package pdftex.def Info: AlexeyOsipovPoster.pdf , page1 used on input line 23.
(pdftex.def)             Requested size: 597.75084pt x 840.24406pt.
File: AlexeyOsipovPoster.pdf Graphic file (type pdf)
<use AlexeyOsipovPoster.pdf, page 1>
Package pdftex.def Info: AlexeyOsipovPoster.pdf , page1 used on input line 23.
(pdftex.def)             Requested size: 597.75084pt x 840.24406pt.
File: AlexeyOsipovPoster.pdf Graphic file (type pdf)
<use AlexeyOsipovPoster.pdf, page 1>
Package pdftex.def Info: AlexeyOsipovPoster.pdf , page1 used on input line 23.
(pdftex.def)             Requested size: 597.75084pt x 840.24406pt.
 [16

] (A0_2_A4.aux) ) 
Here is how much of TeX's memory you used:
 3123 strings out of 476331
 51025 string characters out of 5785406
 1850660 words of memory out of 5000000
 23561 multiletter control sequences out of 15000+600000
 512287 words of font info for 32 fonts, out of 8000000 for 9000
 1141 hyphenation exceptions out of 8191
 72i,17n,76p,242b,445s stack positions out of 10000i,1000n,20000p,200000b,200000s

Output written on A0_2_A4.pdf (16 pages, 200765 bytes).
PDF statistics:
 346 PDF objects out of 1000 (max. 8388607)
 0 named destinations out of 1000 (max. 500000)
 91 words of extra memory for PDF output out of 10000 (max. 10000000)

